// Jest Snapshot v1, https://goo.gl/fbAQLP

exports[`should render PageNotFound 1`] = `
<div>
  <h2>
    Page Not Found
  </h2>
  <Link
    replace={false}
    to="/"
  >
    Home
  </Link>
</div>
`;
